// Jest Snapshot v1, https://goo.gl/fbAQLP

exports[`rendering renders MonthlyRate correctly 1`] = `
<DocumentFragment>
  <span
    class="monthly-rate-label"
  >
    Monthly Installment :
  </span>
  <span
    class="monthly-rate-value"
  >
    123 EUR
  </span>
</DocumentFragment>
`;

exports[`rendering renders error message correctly 1`] = `
<DocumentFragment>
  <p
    class="error-msg"
  >
    Error
  </p>
</DocumentFragment>
`;
